[
"europe",
["Players", [{"score": 0, "link": "", "name": "Vladimir Putin", "key": "1gdnby1kaWNlcg0LEgRVc2VyGJ7CuQEM", "color": 3, "photo": "/images/avatars/putin.png", "away": false, "depot": 0}, {"score": 0, "link": "/user/4001", "name": "Greg Temchenko", "key": "agdnby1kaWNlcgsLEgRVc2VyGKEfDA", "color": 2, "photo": "http://cs1691.vkontakte.ru/u487833/e_60e6e501.jpg", "away": false, "depot": 0}, {"score": 0, "link": "", "name": "Barak Obama", "key": "agdnby1kaWNlcg0LEgRVc2VyGIu3sQEM", "color": 1, "photo": "/images/avatars/obama.png", "away": false, "depot": 0}]],
["Tutorial", ["Bubble", 360, 115, 260, 285, 400, 445, "Привет!\nПохоже вы здесь впервые! Кубики - это увлекательная игра с элементами стратегии и логики, оцененная по достоинству тысячами игроков. Чтобы сделать ваше знакомство с игрой более комфортным, вы можете пройти обучение, в котором узнаете о правилах, об основе тактики и немного о сообществе в игре.\n\n<b>Хотите пройти обучение?</b>", [["Сразу играть", "Stop"], ["Пройти обучение", "Next"]], "FirstTime"]],
["Tutorial", ["ShowSkipButton"]],
["Tutorial", ["Bubble", 10, 270, 190, 130, 90, 445, "Для вступления в игру, вам нужно выбрать цвет и нажать кнопку Играть на этом цвете. <b>Выберите красный цвет.<b>", "WaitClickRed"]],
["Tutorial", ["RmBubble"]],
["Sit", {"score": 0, "link": "{your_link}", "name": "{your_name}", "key": "{your_key}", "color": 0, "photo": "{your_photo}", "away": false, "depot": 0}],
["Players", [{"score": 0, "link": "{your_link}", "name": "{your_name}", "key": "{your_key}", "color": 0, "photo": "{your_photo}", "away": false, "depot": 0},{"score": 0, "link": "", "name": "Vladimir Putin", "key": "agdnby1kaWNlcg0LEgRVc2VyGJ7CuQEM", "color": 3, "photo": "/images/avatars/putin.png", "away": false, "depot": 0}, {"score": 0, "link": "/user/4001", "name": "Greg Temchenko", "key": "agdnby1kaWNlcgsLEgRVc2VyGKEfDA", "color": 2, "photo": "http://cs1691.vkontakte.ru/u487833/e_60e6e501.jpg", "away": false, "depot": 0}, {"score": 0, "link": "", "name": "Barak Obama", "key": "agdnby1kaWNlcg0LEgRVc2VyGIu3sQEM", "color": 1, "photo": "/images/avatars/obama.png", "away": false, "depot": 0}]],
["PowerMap", [[3, 2], [2, 3], [1, 1], [2, 2], [0, 3], [2, 1], [2, 3], [1, 2], [0, 2], [0, 2], [3, 4], [1, 3], [1, 2], [1, 2], [0, 1], [2, 2], [3, 2], [3, 1], [0, 3], [3, 1], [3, 2], [0, 2], [2, 1], [1, 3]]],
["Start",0],
["TurnNumber", 1],
["Turn", [0, 15]],
["Tutorial", ["Bubble", 10, 40, 190, 285, 310, 280, "Вы играете красными земельками. Цель игры - захватить все земельки на карте. Игра заканчивается тогда, когда один игрок захыватывает всё.\nДля того, чтобы атаковать своего оппонента, кликните по земельке, с которой хотите произвести атаку.\n<b>Кликните на указанную земельку</b>", ["WaitClickCell", 4]]],
["Tutorial", ["Bubble", 380, 50, 190, 185, 290, 240, "Черными границами выделены территории, на которые вы можете напасть.\nДля начала, <b>атакуйте эту желтую клетку.</b>", ["WaitClickCell", 2]]],
["Attack", [[6, 2, 3], [5], {"id": 4, "color": 0, "power": 1}, {"id": 2, "color": 0, "power": 2}, 0, 1, "SleepOnShow"]],
["Tutorial", ["Bubble", 10, 40, 190, 305, 240, 350, "Исход атаки решается выбрасыванием кубиков, стоящих на земельках нападающего и защищающегося. Атакующий выигрывает, если выбрасывает число больше. Таким образом, чем больше кубиков на вашей замельке, тем больше шанс выигрыша. Сейчас вы выбросили 11 (6, 2 и 3), а ваш опонент 5 (у него лишь один кубик).\n<b>Нажмите \"Далее\"</b>", [["Далее", "Next"]]]],
["Tutorial", ["ContinueAttackShow"]],
["Tutorial", ["Bubble", 10, 40, 190, 285, 280, 250, "Вы завоевали первую земельку! Когда вы захватываете очередную земельку, один кубик остается на старом месте, остальных перемещаются на завоевонное.\n<b>Нажмите \"Далее\"</b>", [["Далее", "Next"]]]],
["Tutorial", ["Bubble", 240, 140, 190, 285, 140, 445, "Под вашим именем вы видите полоску, которая уменьшается, если вы не ходите. Это всего лишь обучение и сейчас вам некуда спешить, но в игре с другими игроками вам нужно успевать делать ходы пока полоска не исчезнет. Это нужно, чтобы игроки долго не ждали ходов друг друга.\n<b>Нажмите \"Далее\"</b>", [["Далее", "Next"]]]],
["Tutorial", ["Bubble", 500, 150, 190, 185, 625, 395, "Для первого хода хватит.\n<b>Теперь нажмите кнопку \"Конец хода\"</b>, чтобы дать походить другим игрокам.", ["WaitEndTurn"]]],
["Bonus", {"4": 2, "2": 3, "blink": 1}],
["Tutorial", ["Bubble", 10, 40, 190, 285, 290, 250, "После того, как вы заканчиваете ход, на ваши земельки прибавляются дополнительные кубики. Количество дополнительных кубиков зависит от наибольшого островка ваших объединенных земелек. Сейчас вы имеете две земельки, поэтому получили два дополнительных кубика.\n<b>Нажмите \"Далее\"</b>", [["Далее", "Next"]]]],
["Tutorial", ["EndBlinkBonus"]],
["Tutorial", ["Bubble", 10, 40, 190, 285, 40, 40, "Время ходить вашим опонентам.", [["Далее", "Next"]]]],
["Tutorial", ["RmBubble"]],
["Turn", [1, 15]],
["Attack", [[5, 3], [3, 6], {"id": 16, "color": 1, "power": 1}, {"id": 15, "color": 2, "power": 2}, 1, 2]],
["Bonus", {"16": 2, "7": 3}],
["Turn", [2, 15]],
["Attack", [[4, 4, 1], [2, 3, 3], {"id": 6, "color": 2, "power": 1}, {"id": 7, "color": 2, "power": 2}, 2, 1]],
["Attack", [[4, 4, 1], [2, 3, 3], {"id": 3, "color": 2, "power": 1}, {"id": 4, "color": 0, "power": 2}, 2, 0]],
["Bonus", {"6": 2, "5": 3}],
["Turn", [3, 15]],
["Attack", [[5, 5, 3, 4], [5, 2], {"id": 10, "color": 3, "power": 1}, {"id": 13, "color": 3, "power": 3}, 3, 1]],
["Attack", [[6, 2, 1], [6, 5], {"id": 13, "color": 3, "power": 1}, {"id": 15, "color": 2, "power": 2}, 3, 1]],
["Bonus", {"10": 4, "13": 3, "16": 2}],
["Turn", [0, 15]],
["Tutorial", ["Bubble", 10, 40, 190, 285, 280, 250, "Чем больше объединенных земелек вы имеете, тем больше получаете кубиков в конце хода и тем более сильным противником становитесь. Поэтому попробуем объединить ваши земли захватив зеленую клетку.\n<b>Выберите клетку с которой атакуем.</b>", ["WaitClickCell", 2]]],
["Tutorial", ["Bubble", 10, 40, 190, 285, 334, 240, "Теперь нападите на зеленую клетку.", ["WaitClickCell", 3]]],
["Attack", [[5, 5, 6], [6, 6], {"id": 2, "color": 0, "power": 1}, {"id": 3, "color": 0, "power": 2}, 0, 1]],
["Tutorial", ["Bubble", 500, 150, 190, 185, 625, 395, "Отлично! Теперь у вас пять объединенных земелек и вы получите пять дополнительных кубиков в конце хода.\n<b>Закончите ход нажав кнопку \"Конец хода\".</b>", ["WaitEndTurn"]]],
["Bonus", {"2": 3, "3": 3, "14": 2, "18": 4, "blink": 1}],
["Turn", [1, 15]],
["Tutorial", ["Bubble", 10, 40, 190, 285, 40, 40, "Пять дополнительных кубиков распределяются случайно по вашим земелькам.\nЭто все, правила просты. Старайтесь иметь соединенные земельки, а не несколько разделенных, так вы будете получать больше кубиков.", [["Далее", "Next"]]]],
["Tutorial", ["EndBlinkBonus"]],
["Tutorial", ["Bubble", 10, 40, 190, 285, 40, 40, "Теперь попробуйте поиграть сами с компьютером, чтобы освоиться. А после обучения вы сможете играть с другими реальными игроками.", [["Играть", "Next"]]]],
["Tutorial", ["RmBubble"]],
["Tutorial", ["FreePlay", 1]],
["Tutorial", ["Bubble", 10, 40, 290, 185, 40, 40, "Еще один совет - чтобы победить сильного соперника, разделите его земли пополам. Таким способом вы его сначала ослабите, а потом и выиграете!", [["Играть дальше", "Next"]]]],
["Tutorial", ["RmBubble"]],
["Tutorial", ["FreePlay", -1, 0]]
]
